[templates.themevessel.com/the-nest/index.html]
[backblue.gif]
[fade.gif]
[index.html]
[templates.themevessel.com/the-nest/css/bootstrap.min.css]
[templates.themevessel.com/the-nest/css/animate.min.css]
[templates.themevessel.com/the-nest/css/bootstrap-submenu.css]
[templates.themevessel.com/the-nest/css/bootstrap-select.min.css]
[templates.themevessel.com/the-nest/css/map.css]
[templates.themevessel.com/the-nest/fonts/font-awesome/css/font-awesome.min.css]
[templates.themevessel.com/the-nest/fonts/flaticon/font/flaticon.css]
[templates.themevessel.com/the-nest/fonts/linearicons/style.css]
[templates.themevessel.com/the-nest/css/dropzone.css]
[templates.themevessel.com/the-nest/css/magnific-popup.css]
[templates.themevessel.com/the-nest/js/ie-emulation-modes-warning.js]
[templates.themevessel.com/the-nest/login.html]
[templates.themevessel.com/the-nest/signup.html]
[templates.themevessel.com/the-nest/index-2.html]
[templates.themevessel.com/the-nest/img/logos/logo.png]
[templates.themevessel.com/the-nest/index-3.html]
[templates.themevessel.com/the-nest/index-4.html]
[templates.themevessel.com/the-nest/index-5.html]
[templates.themevessel.com/the-nest/index-6.html]
[templates.themevessel.com/the-nest/index-7.html]
[templates.themevessel.com/the-nest/properties-list-rightside.html]
[templates.themevessel.com/the-nest/properties-list-leftside.html]
[templates.themevessel.com/the-nest/properties-list-fullwidth.html]
[templates.themevessel.com/the-nest/properties-grid-rightside.html]
[templates.themevessel.com/the-nest/properties-grid-leftside.html]
[templates.themevessel.com/the-nest/properties-grid-fullwidth.html]
[templates.themevessel.com/the-nest/properties-map-leftside-list.html]
[templates.themevessel.com/the-nest/properties-map-rightside-list.html]
[templates.themevessel.com/the-nest/properties-map-leftside-grid.html]
[templates.themevessel.com/the-nest/properties-map-rightside-grid.html]
[templates.themevessel.com/the-nest/properties-map-full.html]
[templates.themevessel.com/the-nest/properties-details.html]
[templates.themevessel.com/the-nest/properties-details-2.html]
[templates.themevessel.com/the-nest/properties-details-3.html]
[templates.themevessel.com/the-nest/agent-listing-grid.html]
[templates.themevessel.com/the-nest/agent-listing-grid-sidebar.html]
[templates.themevessel.com/the-nest/agent-listing-row.html]
[templates.themevessel.com/the-nest/agent-listing-row-sidebar.html]
[templates.themevessel.com/the-nest/agent-single.html]
[templates.themevessel.com/the-nest/about.html]
[templates.themevessel.com/the-nest/about-2.html]
[templates.themevessel.com/the-nest/services-1.html]
[templates.themevessel.com/the-nest/services-2.html]
[templates.themevessel.com/the-nest/pricing-tables.html]
[templates.themevessel.com/the-nest/pricing-tables-2.html]
[templates.themevessel.com/the-nest/pricing-tables-3.html]
[templates.themevessel.com/the-nest/faq.html]
[templates.themevessel.com/the-nest/faq-2.html]
[templates.themevessel.com/the-nest/gallery-1.html]
[templates.themevessel.com/the-nest/gallery-2.html]
[templates.themevessel.com/the-nest/gallery-3.html]
[templates.themevessel.com/the-nest/properties-comparison.html]
[templates.themevessel.com/the-nest/search-brand.html]
[templates.themevessel.com/the-nest/contact.html]
[templates.themevessel.com/the-nest/contact-2.html]
[templates.themevessel.com/the-nest/contact-3.html]
[templates.themevessel.com/the-nest/typography.html]
[templates.themevessel.com/the-nest/elements.html]
[templates.themevessel.com/the-nest/icon.html]
[templates.themevessel.com/the-nest/404.html]
[templates.themevessel.com/the-nest/user-profile.html]
[templates.themevessel.com/the-nest/my-properties.html]
[templates.themevessel.com/the-nest/favorited-properties.html]
[templates.themevessel.com/the-nest/submit-property.html]
[templates.themevessel.com/the-nest/forgot-password.html]
[templates.themevessel.com/the-nest/blog-classic-sidebar-right.html]
[templates.themevessel.com/the-nest/blog-classic-sidebar-left.html]
[templates.themevessel.com/the-nest/blog-columns-2col.html]
[templates.themevessel.com/the-nest/blog-columns-3col.html]
[templates.themevessel.com/the-nest/blog-single-sidebar-right.html]
[templates.themevessel.com/the-nest/blog-single-sidebar-left.html]
[templates.themevessel.com/the-nest/img/banner/img-2.jpg]
[templates.themevessel.com/the-nest/img/properties/properties-1.jpg]
[templates.themevessel.com/the-nest/img/properties/properties-2.jpg]
[templates.themevessel.com/the-nest/img/properties/properties-3.jpg]
[templates.themevessel.com/the-nest/img/properties/properties-4.jpg]
[templates.themevessel.com/the-nest/img/properties/properties-5.jpg]
[templates.themevessel.com/the-nest/img/properties/properties-6.jpg]
[templates.themevessel.com/the-nest/img/recently-properties/img-1.jpg]
[templates.themevessel.com/the-nest/img/recently-properties/img-2.jpg]
[templates.themevessel.com/the-nest/img/recently-properties/img-3.jpg]
[templates.themevessel.com/the-nest/img/recently-properties/img-4.jpg]
[templates.themevessel.com/the-nest/img/team/team-6.jpg]
[templates.themevessel.com/the-nest/img/team/team-5.jpg]
[templates.themevessel.com/the-nest/img/team/team-7.jpg]
[templates.themevessel.com/the-nest/img/team/team-8.jpg]
[templates.themevessel.com/the-nest/img/avatar/avatar-1.jpg]
[templates.themevessel.com/the-nest/img/avatar/avatar-2.jpg]
[templates.themevessel.com/the-nest/img/avatar/avatar-4.jpg]
[templates.themevessel.com/the-nest/img/avatar/avatar-3.jpg]
[templates.themevessel.com/the-nest/img/blog/blog-1.jpg]
[templates.themevessel.com/the-nest/img/blog/blog-2.jpg]
[templates.themevessel.com/the-nest/img/blog/blog-3.jpg]
[templates.themevessel.com/the-nest/img/brand/partner.png]
[templates.themevessel.com/the-nest/img/brand/partner-2.png]
[templates.themevessel.com/the-nest/img/brand/partner-3.png]
[templates.themevessel.com/the-nest/img/brand/partner-4.png]
[templates.themevessel.com/the-nest/img/brand/partner-5.png]
[templates.themevessel.com/the-nest/img/properties/small-properties-1.jpg]
[templates.themevessel.com/the-nest/img/properties/small-properties-2.jpg]
[templates.themevessel.com/the-nest/img/properties/small-properties-3.jpg]
[templates.themevessel.com/the-nest/js/jquery-2.2.0.min.js]
[templates.themevessel.com/the-nest/js/bootstrap.min.js]
[templates.themevessel.com/the-nest/js/bootstrap-submenu.js]
[templates.themevessel.com/the-nest/js/rangeslider.js]
[templates.themevessel.com/the-nest/js/jquery.mb.YTPlayer.js]
[templates.themevessel.com/the-nest/js/wow.min.js]
[templates.themevessel.com/the-nest/js/bootstrap-select.min.js]
[templates.themevessel.com/the-nest/js/jquery.easing.1.3.js]
[templates.themevessel.com/the-nest/js/jquery.scrollUp.js]
[templates.themevessel.com/the-nest/js/jquery.mCustomScrollbar.concat.min.js]
[templates.themevessel.com/the-nest/js/leaflet.js]
[templates.themevessel.com/the-nest/js/leaflet-providers.js]
[templates.themevessel.com/the-nest/js/leaflet.markercluster.js]
[templates.themevessel.com/the-nest/js/dropzone.js]
[templates.themevessel.com/the-nest/js/jquery.filterizr.js]
[templates.themevessel.com/the-nest/js/jquery.magnific-popup.min.js]
[templates.themevessel.com/the-nest/js/maps.js]
[templates.themevessel.com/the-nest/js/app.js]
[templates.themevessel.com/the-nest/js/ie10-viewport-bug-workaround.js]
[templates.themevessel.com/the-nest/index.html]
[www.googletagmanager.com/gtm5445.html]
[templates.themevessel.com/the-nest/fonts/glyphicons-halflings-regular.eot]
[templates.themevessel.com/the-nest/fonts/glyphicons-halflings-regulard41d.eot]
[templates.themevessel.com/the-nest/fonts/glyphicons-halflings-regular.woff2]
[templates.themevessel.com/the-nest/fonts/glyphicons-halflings-regular.woff]
[templates.themevessel.com/the-nest/fonts/glyphicons-halflings-regular.ttf]
[templates.themevessel.com/the-nest/css/bootstrap.min.css]
[templates.themevessel.com/the-nest/css/animate.min.css]
[templates.themevessel.com/the-nest/css/bootstrap-submenu.css]
[templates.themevessel.com/the-nest/css/bootstrap-select.min.css]
[templates.themevessel.com/the-nest/fonts/glyphicons-halflings-regular.svg]
[templates.themevessel.com/the-nest/css/leaflet.css]
[templates.themevessel.com/the-nest/css/map.css]
[templates.themevessel.com/the-nest/fonts/font-awesome/fonts/fontawesome-webfont3e6e.eot]
[templates.themevessel.com/the-nest/fonts/font-awesome/fonts/fontawesome-webfontd41d.eot]
[templates.themevessel.com/the-nest/fonts/font-awesome/fonts/fontawesome-webfont3e6e.woff2]
[templates.themevessel.com/the-nest/fonts/font-awesome/fonts/fontawesome-webfont3e6e.woff]
[templates.themevessel.com/the-nest/fonts/font-awesome/fonts/fontawesome-webfont3e6e.ttf]
[templates.themevessel.com/the-nest/fonts/font-awesome/css/font-awesome.min.css]
[templates.themevessel.com/the-nest/fonts/font-awesome/fonts/fontawesome-webfont3e6e.svg]
[templates.themevessel.com/the-nest/fonts/flaticon/font/Flaticon.eot]
[templates.themevessel.com/the-nest/fonts/flaticon/font/Flaticond41d.eot]
[templates.themevessel.com/the-nest/fonts/flaticon/font/Flaticon.woff]
[templates.themevessel.com/the-nest/fonts/flaticon/font/Flaticon.ttf]
[templates.themevessel.com/the-nest/fonts/flaticon/font/flaticon.css]
[templates.themevessel.com/the-nest/fonts/flaticon/font/Flaticon.svg]
[templates.themevessel.com/the-nest/fonts/linearicons/fonts/Linearicons-Free54e9.eot]
[templates.themevessel.com/the-nest/fonts/linearicons/fonts/Linearicons-Freed41d.eot]
[templates.themevessel.com/the-nest/fonts/linearicons/fonts/Linearicons-Free54e9.woff2]
[templates.themevessel.com/the-nest/fonts/linearicons/fonts/Linearicons-Free54e9.woff]
[templates.themevessel.com/the-nest/fonts/linearicons/fonts/Linearicons-Free54e9.ttf]
[templates.themevessel.com/the-nest/fonts/linearicons/style.css]
[templates.themevessel.com/the-nest/fonts/linearicons/fonts/Linearicons-Free54e9.svg]
[templates.themevessel.com/the-nest/css/jquery.mCustomScrollbar.css]
[templates.themevessel.com/the-nest/css/dropzone.css]
[templates.themevessel.com/the-nest/css/magnific-popup.css]
[templates.themevessel.com/the-nest/img/listings-parallax.jpg]
[templates.themevessel.com/the-nest/img/popular-places/popular-places-1.jpg]
[templates.themevessel.com/the-nest/img/popular-places/popular-places-2.jpg]
[templates.themevessel.com/the-nest/img/popular-places/popular-places-4.jpg]
[templates.themevessel.com/the-nest/img/popular-places/popular-places-3.jpg]
[templates.themevessel.com/the-nest/img/popular-places/popular-places-5.jpg]
[templates.themevessel.com/the-nest/img/popular-places/popular-places-6.jpg]
[templates.themevessel.com/the-nest/img/counters-2.jpg]
[templates.themevessel.com/the-nest/img/testimonial-1.jpg]
[templates.themevessel.com/the-nest/img/testimonial-2.jpg]
[templates.themevessel.com/the-nest/img/team/agent-bg.jpg]
[templates.themevessel.com/the-nest/img/client-bannr.jpg]
[templates.themevessel.com/the-nest/img/loader.gif]
[templates.themevessel.com/the-nest/css/style.css]
[templates.themevessel.com/the-nest/css/skins/default.css]
[templates.themevessel.com/the-nest/css/ie10-viewport-bug-workaround.css]
[templates.themevessel.com/the-nest/login.html]
[templates.themevessel.com/the-nest/signup.html]
[templates.themevessel.com/the-nest/index-2.html]
[templates.themevessel.com/the-nest/img/banner/img-1.jpg]
[templates.themevessel.com/the-nest/img/banner/img-4.jpg]
[templates.themevessel.com/the-nest/img/banner/img-3.jpg]
[templates.themevessel.com/the-nest/img/properties/properties-13.jpg]
[templates.themevessel.com/the-nest/img/properties/properties-14.jpg]
[templates.themevessel.com/the-nest/img/properties/properties-15.jpg]
[templates.themevessel.com/the-nest/img/properties/properties-16.jpg]
[templates.themevessel.com/the-nest/img/properties/properties-17.jpg]
[templates.themevessel.com/the-nest/img/properties/properties-18.jpg]
[templates.themevessel.com/the-nest/img/team/team-2.jpg]
[templates.themevessel.com/the-nest/img/team/team-3.jpg]
[templates.themevessel.com/the-nest/index-3.html]
[templates.themevessel.com/the-nest/img/avatar/avatar-8.png]
[templates.themevessel.com/the-nest/img/blog/blog-4.jpg]
[templates.themevessel.com/the-nest/img/blog/blog-5.jpg]
[templates.themevessel.com/the-nest/img/blog/blog-6.jpg]
[templates.themevessel.com/the-nest/img/logos/logo-2.png]
[templates.themevessel.com/the-nest/index-4.html]
[templates.themevessel.com/the-nest/index-5.html]
[templates.themevessel.com/the-nest/index-6.html]
[templates.themevessel.com/the-nest/index-7.html]
[templates.themevessel.com/the-nest/img/properties/properties-list-1.jpg]
[templates.themevessel.com/the-nest/img/properties/properties-list-2.jpg]
[templates.themevessel.com/the-nest/img/properties/properties-list-3.jpg]
[templates.themevessel.com/the-nest/properties-list-rightside.html]
[templates.themevessel.com/the-nest/properties-list-leftside.html]
[templates.themevessel.com/the-nest/properties-list-fullwidth.html]
[templates.themevessel.com/the-nest/properties-grid-rightside.html]
[templates.themevessel.com/the-nest/properties-grid-leftside.html]
[templates.themevessel.com/the-nest/properties-grid-fullwidth.html]
[templates.themevessel.com/the-nest/properties-map-leftside-list.html]
[templates.themevessel.com/the-nest/properties-map-rightside-list.html]
[templates.themevessel.com/the-nest/properties-map-leftside-grid.html]
[templates.themevessel.com/the-nest/properties-map-rightside-grid.html]
[templates.themevessel.com/the-nest/properties-map-full.html]
[templates.themevessel.com/the-nest/img/properties/floor-plans.png]
[templates.themevessel.com/the-nest/img/avatar/avatar-5.jpg]
[templates.themevessel.com/the-nest/properties-details.html]
[templates.themevessel.com/the-nest/properties-details-2.html]
[templates.themevessel.com/the-nest/img/properties/properties-10.jpg]
[templates.themevessel.com/the-nest/img/properties/properties-11.jpg]
[templates.themevessel.com/the-nest/img/properties/properties-12.jpg]
[templates.themevessel.com/the-nest/properties-details-3.html]
[templates.themevessel.com/the-nest/agent-listing-grid.html]
[templates.themevessel.com/the-nest/agent-listing-grid-sidebar.html]
[templates.themevessel.com/the-nest/img/team/team-4.jpg]
[templates.themevessel.com/the-nest/agent-listing-row.html]
[templates.themevessel.com/the-nest/img/team/team-1.jpg]
[templates.themevessel.com/the-nest/agent-listing-row-sidebar.html]
[templates.themevessel.com/the-nest/img/avatar/agent-1.jpg]
[templates.themevessel.com/the-nest/agent-single.html]
[templates.themevessel.com/the-nest/about.html]
[templates.themevessel.com/the-nest/about-2.html]
[templates.themevessel.com/the-nest/img/service/service-2.jpg]
[templates.themevessel.com/the-nest/img/service/service-3.jpg]
[templates.themevessel.com/the-nest/img/service/service.jpg]
[templates.themevessel.com/the-nest/img/service/service-4.jpg]
[templates.themevessel.com/the-nest/services-1.html]
[templates.themevessel.com/the-nest/services-2.html]
[templates.themevessel.com/the-nest/pricing-tables.html]
[templates.themevessel.com/the-nest/pricing-tables-2.html]
[templates.themevessel.com/the-nest/pricing-tables-3.html]
[templates.themevessel.com/the-nest/faq.html]
[templates.themevessel.com/the-nest/faq-2.html]
[templates.themevessel.com/the-nest/gallery-1.html]
[templates.themevessel.com/the-nest/gallery-2.html]
[templates.themevessel.com/the-nest/gallery-3.html]
[templates.themevessel.com/the-nest/properties-comparison.html]
[templates.themevessel.com/the-nest/img/brand/brand-2.png]
[templates.themevessel.com/the-nest/img/brand/brand-3.png]
[templates.themevessel.com/the-nest/img/brand/brand-1.png]
[templates.themevessel.com/the-nest/img/brand/brand-4.png]
[templates.themevessel.com/the-nest/img/brand/brand-6.png]
[templates.themevessel.com/the-nest/img/brand/brand-5.png]
[templates.themevessel.com/the-nest/img/brand/brand-7.png]
[templates.themevessel.com/the-nest/img/brand/brand-8.png]
[templates.themevessel.com/the-nest/img/brand/brand-9.png]
[templates.themevessel.com/the-nest/img/brand/brand-10.png]
[templates.themevessel.com/the-nest/img/brand/brand-11.png]
[templates.themevessel.com/the-nest/img/brand/brand-12.png]
[templates.themevessel.com/the-nest/img/brand/brand-13.png]
[templates.themevessel.com/the-nest/img/brand/brand-14.png]
[templates.themevessel.com/the-nest/img/brand/brand-15.png]
[templates.themevessel.com/the-nest/img/brand/brand-16.png]
[templates.themevessel.com/the-nest/img/brand/brand-17.png]
[templates.themevessel.com/the-nest/img/brand/brand-19.png]
[templates.themevessel.com/the-nest/img/brand/brand-20.png]
[templates.themevessel.com/the-nest/img/brand/brand-21.png]
[templates.themevessel.com/the-nest/img/brand/brand-22.png]
[templates.themevessel.com/the-nest/search-brand.html]
[templates.themevessel.com/the-nest/contact.html]
[templates.themevessel.com/the-nest/contact-2.html]
[templates.themevessel.com/the-nest/contact-3.html]
[templates.themevessel.com/the-nest/typography.html]
[templates.themevessel.com/the-nest/elements.html]
[templates.themevessel.com/the-nest/icon.html]
[templates.themevessel.com/the-nest/404.html]
[templates.themevessel.com/the-nest/user-profile.html]
[templates.themevessel.com/the-nest/my-properties.html]
[templates.themevessel.com/the-nest/favorited-properties.html]
[templates.themevessel.com/the-nest/submit-property.html]
[templates.themevessel.com/the-nest/forgot-password.html]
[templates.themevessel.com/the-nest/change-password.html]
[templates.themevessel.com/the-nest/blog-classic-sidebar-right.html]
[templates.themevessel.com/the-nest/blog-classic-sidebar-left.html]
[templates.themevessel.com/the-nest/blog-columns-2col.html]
[templates.themevessel.com/the-nest/blog-columns-3col.html]
[templates.themevessel.com/the-nest/blog-single-sidebar-right.html]
[templates.themevessel.com/the-nest/blog-single-sidebar-left.html]
[storage.googleapis.com/theme-vessel/template-images/nest-html/assets/img/properties/properties-1.jpg]
[storage.googleapis.com/theme-vessel/template-images/nest-html/assets/img/properties/properties-2.jpg]
[storage.googleapis.com/theme-vessel/template-images/nest-html/assets/img/properties/properties-3.jpg]
[storage.googleapis.com/theme-vessel/template-images/nest-html/assets/img/properties/properties-4.jpg]
[storage.googleapis.com/theme-vessel/template-images/nest-html/assets/img/properties/properties-5.jpg]
[storage.googleapis.com/theme-vessel/template-images/nest-html/assets/img/properties/properties-6.jpg]
[templates.themevessel.com/the-nest/fonts/glyphicons-halflings-regular.svg]
[templates.themevessel.com/the-nest/css/images/layers.html]
[templates.themevessel.com/the-nest/css/images/layers-2x.html]
[templates.themevessel.com/the-nest/fonts/font-awesome/fonts/fontawesome-webfont3e6e.svg]
[templates.themevessel.com/the-nest/fonts/flaticon/font/Flaticon.svg]
[templates.themevessel.com/the-nest/fonts/linearicons/fonts/Linearicons-Free54e9.svg]
[templates.themevessel.com/the-nest/css/mCSB_buttons.html]
[templates.themevessel.com/the-nest/images/spritemap.html]
[templates.themevessel.com/the-nest/images/spritemap@2x.html]
[storage.googleapis.com/theme-vessel/template-images/nest-html/assets/img/properties/properties-14.jpg]
[storage.googleapis.com/theme-vessel/template-images/nest-html/assets/img/properties/properties-13.jpg]
[storage.googleapis.com/theme-vessel/template-images/nest-html/assets/img/properties/properties-15.jpg]
[storage.googleapis.com/theme-vessel/template-images/nest-html/assets/img/properties/properties-16.jpg]
[storage.googleapis.com/theme-vessel/template-images/nest-html/assets/img/properties/properties-list-1.jpg]
[storage.googleapis.com/theme-vessel/template-images/nest-html/assets/img/properties/properties-list-2.jpg]
[storage.googleapis.com/theme-vessel/template-images/nest-html/assets/img/properties/properties-list-3.jpg]
[templates.themevessel.com/the-nest/change-password.html]
[templates.themevessel.com/the-nest/blog-classic-fullwidth.html]
[templates.themevessel.com/the-nest/blog-single-fullwidth.html]
